// Jest Snapshot v1, https://goo.gl/fbAQLP

exports[`app test app should match snapshot 1`] = `null`;
