// Jest Snapshot v1, https://goo.gl/fbAQLP

exports[`Login screen tests should match snapshot 1`] = `
<View
  accessibilityIgnoresInvertColors={true}
  style={
    Array [
      Object {
        "alignItems": "center",
        "flexBasis": 0,
        "flexGrow": 1,
        "flexShrink": 1,
        "justifyContent": "center",
      },
    ]
  }
>
  <Image
    source={1}
    style={
      Array [
        Object {
          "bottom": 0,
          "left": 0,
          "position": "absolute",
          "right": 0,
          "top": 0,
        },
        Object {
          "height": undefined,
          "width": undefined,
        },
        undefined,
      ]
    }
  />
  <View
    style={
      Array [
        Object {
          "backgroundColor": "rgba(255, 255, 255, 0.3)",
          "height": "100%",
          "position": "absolute",
          "width": "100%",
        },
      ]
    }
  />
  <Text
    style={
      Array [
        Object {
          "color": "#262626",
          "flexWrap": "wrap",
          "fontFamily": "Oswald_400Regular",
          "fontSize": 30,
          "fontWeight": "400",
          "marginBottom": 0,
          "marginTop": 0,
        },
      ]
    }
    variant="body"
  >
    Meals To Go
  </Text>
  <View
    style={
      Array [
        Object {
          "backgroundColor": "rgba(255, 255, 255, 0.7)",
          "marginTop": 8,
          "paddingBottom": 32,
          "paddingLeft": 32,
          "paddingRight": 32,
          "paddingTop": 32,
        },
      ]
    }
  >
    <View
      style={
        Array [
          Object {
            "backgroundColor": "rgb(231, 231, 231)",
            "borderTopLeftRadius": 4,
            "borderTopRightRadius": 4,
          },
          Object {
            "width": 300,
          },
        ]
      }
    >
      <View
        style={
          Object {
            "backgroundColor": "rgba(0, 0, 0, 0.26)",
            "bottom": 0,
            "height": 2,
            "left": 0,
            "position": "absolute",
            "right": 0,
            "transform": Array [
              Object {
                "scaleY": 0.5,
              },
            ],
            "zIndex": 1,
          }
        }
      />
      <View
        style={
          Array [
            Object {
              "paddingBottom": 0,
              "paddingTop": 0,
            },
            Object {
              "minHeight": 64,
            },
          ]
        }
      >
        <View
          pointerEvents="none"
          style={
            Object {
              "bottom": 0,
              "left": 0,
              "opacity": 1,
              "position": "absolute",
              "right": 0,
              "top": 0,
              "transform": Array [
                Object {
                  "translateX": 0,
                },
              ],
              "zIndex": 3,
            }
          }
        >
          <Text
            numberOfLines={1}
            onLayout={[Function]}
            style={
              Object {
                "color": "#6200ee",
                "fontFamily": "System",
                "fontSize": 16,
                "fontWeight": undefined,
                "left": 0,
                "opacity": 0,
                "paddingLeft": 12,
                "paddingRight": 12,
                "position": "absolute",
                "textAlign": "left",
                "top": 34,
                "transform": Array [
                  Object {
                    "translateX": 0,
                  },
                  Object {
                    "translateY": 0,
                  },
                  Object {
                    "scale": 1,
                  },
                ],
                "writingDirection": "ltr",
              }
            }
          >
            E-mail
          </Text>
          <Text
            numberOfLines={1}
            style={
              Object {
                "color": "rgba(0, 0, 0, 0.54)",
                "fontFamily": "System",
                "fontSize": 16,
                "fontWeight": undefined,
                "left": 0,
                "opacity": 0,
                "paddingLeft": 12,
                "paddingRight": 12,
                "position": "absolute",
                "textAlign": "left",
                "top": 34,
                "transform": Array [
                  Object {
                    "translateX": 0,
                  },
                  Object {
                    "translateY": 0,
                  },
                  Object {
                    "scale": 1,
                  },
                ],
                "writingDirection": "ltr",
              }
            }
          >
            E-mail
          </Text>
        </View>
        <TextInput
          allowFontScaling={true}
          autoCapitalize="none"
          editable={true}
          keyboardType="email-address"
          multiline={false}
          onBlur={[Function]}
          onChangeText={[Function]}
          onFocus={[Function]}
          placeholder=""
          placeholderTextColor="rgba(0, 0, 0, 0.54)"
          rejectResponderTermination={true}
          selectionColor="#6200ee"
          style={
            Array [
              Object {
                "flexGrow": 1,
                "margin": 0,
              },
              Object {
                "paddingLeft": 12,
                "paddingRight": 12,
              },
              Object {
                "height": 64,
              },
              Object {
                "paddingBottom": 4,
                "paddingTop": 24,
              },
              Object {
                "color": "#000000",
                "fontFamily": "System",
                "fontSize": 16,
                "fontWeight": undefined,
                "textAlign": "left",
                "textAlignVertical": "center",
              },
              false,
              Array [
                Object {},
              ],
            ]
          }
          textContentType="emailAddress"
          underlineColorAndroid="transparent"
          value=""
        />
      </View>
    </View>
    <View
      style={
        Array [
          Object {
            "marginTop": 16,
          },
        ]
      }
      variant="marginTop:16px"
    >
      <View
        style={
          Array [
            Object {
              "backgroundColor": "rgb(231, 231, 231)",
              "borderTopLeftRadius": 4,
              "borderTopRightRadius": 4,
            },
            Object {
              "width": 300,
            },
          ]
        }
      >
        <View
          style={
            Object {
              "backgroundColor": "rgba(0, 0, 0, 0.26)",
              "bottom": 0,
              "height": 2,
              "left": 0,
              "position": "absolute",
              "right": 0,
              "transform": Array [
                Object {
                  "scaleY": 0.5,
                },
              ],
              "zIndex": 1,
            }
          }
        />
        <View
          style={
            Array [
              Object {
                "paddingBottom": 0,
                "paddingTop": 0,
              },
              Object {
                "minHeight": 64,
              },
            ]
          }
        >
          <View
            pointerEvents="none"
            style={
              Object {
                "bottom": 0,
                "left": 0,
                "opacity": 1,
                "position": "absolute",
                "right": 0,
                "top": 0,
                "transform": Array [
                  Object {
                    "translateX": 0,
                  },
                ],
                "zIndex": 3,
              }
            }
          >
            <Text
              numberOfLines={1}
              onLayout={[Function]}
              style={
                Object {
                  "color": "#6200ee",
                  "fontFamily": "System",
                  "fontSize": 16,
                  "fontWeight": undefined,
                  "left": 0,
                  "opacity": 0,
                  "paddingLeft": 12,
                  "paddingRight": 12,
                  "position": "absolute",
                  "textAlign": "left",
                  "top": 34,
                  "transform": Array [
                    Object {
                      "translateX": 0,
                    },
                    Object {
                      "translateY": 0,
                    },
                    Object {
                      "scale": 1,
                    },
                  ],
                  "writingDirection": "ltr",
                }
              }
            >
              Password
            </Text>
            <Text
              numberOfLines={1}
              style={
                Object {
                  "color": "rgba(0, 0, 0, 0.54)",
                  "fontFamily": "System",
                  "fontSize": 16,
                  "fontWeight": undefined,
                  "left": 0,
                  "opacity": 0,
                  "paddingLeft": 12,
                  "paddingRight": 12,
                  "position": "absolute",
                  "textAlign": "left",
                  "top": 34,
                  "transform": Array [
                    Object {
                      "translateX": 0,
                    },
                    Object {
                      "translateY": 0,
                    },
                    Object {
                      "scale": 1,
                    },
                  ],
                  "writingDirection": "ltr",
                }
              }
            >
              Password
            </Text>
          </View>
          <TextInput
            allowFontScaling={true}
            autoCapitalize="none"
            editable={true}
            multiline={false}
            onBlur={[Function]}
            onChangeText={[Function]}
            onFocus={[Function]}
            placeholder=""
            placeholderTextColor="rgba(0, 0, 0, 0.54)"
            rejectResponderTermination={true}
            secureTextEntry={true}
            selectionColor="#6200ee"
            style={
              Array [
                Object {
                  "flexGrow": 1,
                  "margin": 0,
                },
                Object {
                  "paddingLeft": 12,
                  "paddingRight": 12,
                },
                Object {
                  "height": 64,
                },
                Object {
                  "paddingBottom": 4,
                  "paddingTop": 24,
                },
                Object {
                  "color": "#000000",
                  "fontFamily": "System",
                  "fontSize": 16,
                  "fontWeight": undefined,
                  "textAlign": "left",
                  "textAlignVertical": "center",
                },
                false,
                Array [
                  Object {},
                ],
              ]
            }
            textContentType="password"
            underlineColorAndroid="transparent"
            value=""
          />
        </View>
      </View>
    </View>
    <View
      style={
        Array [
          Object {
            "marginTop": 16,
          },
        ]
      }
      variant="marginTop:16px"
    >
      <View
        style={
          Object {
            "backgroundColor": "#2182BD",
            "borderColor": "transparent",
            "borderRadius": 4,
            "borderStyle": "solid",
            "borderWidth": 0,
            "elevation": 2,
            "minWidth": 64,
            "paddingBottom": 8,
            "paddingLeft": 8,
            "paddingRight": 8,
            "paddingTop": 8,
            "shadowColor": "#000000",
            "shadowOffset": Object {
              "height": 0.75,
              "width": 0,
            },
            "shadowOpacity": 0.24,
            "shadowRadius": 1.5,
          }
        }
      >
        <View
          accessibilityRole="button"
          accessibilityState={
            Object {
              "disabled": undefined,
            }
          }
          accessible={true}
          focusable={true}
          onClick={[Function]}
          onResponderGrant={[Function]}
          onResponderMove={[Function]}
          onResponderRelease={[Function]}
          onResponderTerminate={[Function]}
          onResponderTerminationRequest={[Function]}
          onStartShouldSetResponder={[Function]}
          style={
            Array [
              Object {
                "overflow": "hidden",
              },
              Object {
                "borderRadius": 4,
              },
            ]
          }
        >
          <View
            style={
              Array [
                Object {
                  "alignItems": "center",
                  "flexDirection": "row",
                  "justifyContent": "center",
                },
                undefined,
              ]
            }
          >
            <View
              style={
                Object {
                  "marginLeft": 12,
                  "marginRight": -4,
                }
              }
            >
              <Text
                accessibilityElementsHidden={true}
                importantForAccessibility="no-hide-descendants"
                pointerEvents="none"
                selectable={false}
                style={
                  Array [
                    Object {
                      "backgroundColor": "transparent",
                    },
                    Object {
                      "color": "#ffffff",
                      "fontSize": 16,
                    },
                  ]
                }
              >
                □
              </Text>
            </View>
            <Text
              numberOfLines={1}
              selectable={false}
              style={
                Array [
                  Object {
                    "color": "#000000",
                    "fontFamily": "System",
                    "fontWeight": "400",
                  },
                  Object {
                    "textAlign": "left",
                  },
                  Array [
                    Object {
                      "letterSpacing": 1,
                      "marginHorizontal": 16,
                      "marginVertical": 9,
                      "textAlign": "center",
                    },
                    undefined,
                    Object {
                      "textTransform": "uppercase",
                    },
                    Object {
                      "color": "#ffffff",
                      "fontFamily": "System",
                      "fontWeight": "500",
                    },
                    Object {
                      "fontFamily": "System",
                      "fontWeight": "500",
                    },
                    undefined,
                  ],
                ]
              }
            >
              Login
            </Text>
          </View>
        </View>
      </View>
    </View>
  </View>
  <View
    style={
      Array [
        Object {
          "marginTop": 16,
        },
      ]
    }
    variant="marginTop:16px"
  >
    <View
      style={
        Object {
          "backgroundColor": "#2182BD",
          "borderColor": "transparent",
          "borderRadius": 4,
          "borderStyle": "solid",
          "borderWidth": 0,
          "elevation": 2,
          "minWidth": 64,
          "paddingBottom": 8,
          "paddingLeft": 8,
          "paddingRight": 8,
          "paddingTop": 8,
          "shadowColor": "#000000",
          "shadowOffset": Object {
            "height": 0.75,
            "width": 0,
          },
          "shadowOpacity": 0.24,
          "shadowRadius": 1.5,
        }
      }
    >
      <View
        accessibilityRole="button"
        accessibilityState={
          Object {
            "disabled": undefined,
          }
        }
        accessible={true}
        focusable={true}
        onClick={[Function]}
        onResponderGrant={[Function]}
        onResponderMove={[Function]}
        onResponderRelease={[Function]}
        onResponderTerminate={[Function]}
        onResponderTerminationRequest={[Function]}
        onStartShouldSetResponder={[Function]}
        style={
          Array [
            Object {
              "overflow": "hidden",
            },
            Object {
              "borderRadius": 4,
            },
          ]
        }
      >
        <View
          style={
            Array [
              Object {
                "alignItems": "center",
                "flexDirection": "row",
                "justifyContent": "center",
              },
              undefined,
            ]
          }
        >
          <Text
            numberOfLines={1}
            selectable={false}
            style={
              Array [
                Object {
                  "color": "#000000",
                  "fontFamily": "System",
                  "fontWeight": "400",
                },
                Object {
                  "textAlign": "left",
                },
                Array [
                  Object {
                    "letterSpacing": 1,
                    "marginHorizontal": 16,
                    "marginVertical": 9,
                    "textAlign": "center",
                  },
                  undefined,
                  Object {
                    "textTransform": "uppercase",
                  },
                  Object {
                    "color": "#ffffff",
                    "fontFamily": "System",
                    "fontWeight": "500",
                  },
                  Object {
                    "fontFamily": "System",
                    "fontWeight": "500",
                  },
                  undefined,
                ],
              ]
            }
          >
            Back
          </Text>
        </View>
      </View>
    </View>
  </View>
</View>
`;
